[2025-11-20 07:36:50Z INFO HostContext] No proxy settings were found based on environmental variables (http_proxy/https_proxy/HTTP_PROXY/HTTPS_PROXY)
[2025-11-20 07:36:50Z INFO HostContext] Well known directory 'Bin': 'C:\Projects\unity-build-pipeline\actions-runner\bin'
[2025-11-20 07:36:50Z INFO HostContext] Well known directory 'Root': 'C:\Projects\unity-build-pipeline\actions-runner'
[2025-11-20 07:36:50Z INFO HostContext] Well known config file 'Credentials': 'C:\Projects\unity-build-pipeline\actions-runner\.credentials'
[2025-11-20 07:36:50Z INFO HostContext] Well known directory 'Bin': 'C:\Projects\unity-build-pipeline\actions-runner\bin'
[2025-11-20 07:36:50Z INFO HostContext] Well known directory 'Root': 'C:\Projects\unity-build-pipeline\actions-runner'
[2025-11-20 07:36:50Z INFO HostContext] Well known config file 'Runner': 'C:\Projects\unity-build-pipeline\actions-runner\.runner'
[2025-11-20 07:36:50Z INFO Worker] Version: 2.329.0
[2025-11-20 07:36:50Z INFO Worker] Commit: c76c59996c8fa32e989164a5a695efb12608ae5a
[2025-11-20 07:36:50Z INFO Worker] Culture: en-PK
[2025-11-20 07:36:50Z INFO Worker] UI Culture: en-US
[2025-11-20 07:36:50Z INFO Worker] Waiting to receive the job message from the channel.
[2025-11-20 07:36:50Z INFO ProcessChannel] Receiving message of length 19773, with hash 'b95500f7158b1b29b1654241d343e79537fefda8dbdb8834190478dac21578f6'
[2025-11-20 07:36:50Z INFO Worker] Message received.
[2025-11-20 07:36:50Z INFO Worker] Job message:
 {
  "fileTable": [
    ".github/workflows/unity-build.yml"
  ],
  "mask": [
    {
      "type": "regex",
      "value": "***"
    ***,
    {
      "type": "regex",
      "value": "***"
    ***,
    {
      "type": "regex",
      "value": "***"
    ***,
    {
      "type": "regex",
      "value": "***"
    ***,
    {
      "type": "regex",
      "value": "***"
    ***,
    {
      "type": "regex",
      "value": "***"
    ***,
    {
      "type": "regex",
      "value": "***"
    ***,
    {
      "type": "regex",
      "value": "***"
    ***,
    {
      "type": "regex",
      "value": "***"
    ***,
    {
      "type": "regex",
      "value": "***"
    ***,
    {
      "type": "regex",
      "value": "***"
    ***,
    {
      "type": "regex",
      "value": "***"
    ***,
    {
      "type": "regex",
      "value": "***"
    ***,
    {
      "type": "regex",
      "value": "***"
    ***,
    {
      "type": "regex",
      "value": "***"
    ***,
    {
      "type": "regex",
      "value": "***"
    ***,
    {
      "type": "regex",
      "value": "***"
    ***,
    {
      "type": "regex",
      "value": "***"
    ***
  ],
  "steps": [
    {
      "type": "action",
      "reference": {
        "type": "repository",
        "name": "actions/checkout",
        "ref": "v4",
        "repositoryType": "GitHub"
      ***,
      "displayNameToken": {
        "type": 0,
        "file": 1,
        "line": 11,
        "col": 15,
        "lit": "Checkout repo with private submodule authentication"
      ***,
      "contextName": "__actions_checkout",
      "inputs": {
        "type": 2,
        "file": 1,
        "line": 14,
        "col": 11,
        "map": [
          {
            "key": {
              "type": 0,
              "file": 1,
              "line": 14,
              "col": 11,
              "lit": "token"
            ***,
            "value": {
              "type": 3,
              "file": 1,
              "line": 14,
              "col": 18,
              "expr": "secrets.PRIVATE_REPO_ACCESS_TOKEN"
            ***
          ***,
          {
            "key": {
              "type": 0,
              "file": 1,
              "line": 15,
              "col": 11,
              "lit": "submodules"
            ***,
            "value": {
              "type": 0,
              "file": 1,
              "line": 15,
              "col": 23,
              "lit": "true"
            ***
          ***,
          {
            "key": {
              "type": 0,
              "file": 1,
              "line": 16,
              "col": 11,
              "lit": "persist-credentials"
            ***,
            "value": {
              "type": 0,
              "file": 1,
              "line": 16,
              "col": 32,
              "lit": "true"
            ***
          ***
        ]
      ***,
      "condition": "success()",
      "id": "715d213f-452a-4222-93dd-65aa723b4207",
      "name": "__actions_checkout"
    ***,
    {
      "type": "action",
      "reference": {
        "type": "script"
      ***,
      "displayNameToken": {
        "type": 0,
        "file": 1,
        "line": 18,
        "col": 15,
        "lit": "Run Unity Build"
      ***,
      "contextName": "__run",
      "inputs": {
        "type": 2,
        "map": [
          {
            "key": "script",
            "value": {
              "type": 0,
              "file": 1,
              "line": 20,
              "col": 14,
              "lit": "call C:\\Users\\Aaron\\Desktop\\Builds\\TestBuildAndroid.bat\n"
            ***
          ***,
          {
            "key": "shell",
            "value": {
              "type": 0,
              "file": 1,
              "line": 19,
              "col": 16,
              "lit": "cmd"
            ***
          ***
        ]
      ***,
      "condition": "success()",
      "id": "3e357c77-0cdb-4d0a-b591-23a7e7906840",
      "name": "__run"
    ***,
    {
      "type": "action",
      "reference": {
        "type": "script"
      ***,
      "displayNameToken": {
        "type": 0,
        "file": 1,
        "line": 23,
        "col": 15,
        "lit": "Upload build to Google Drive"
      ***,
      "contextName": "__run_2",
      "environment": {
        "type": 2,
        "file": 1,
        "line": 26,
        "col": 11,
        "map": [
          {
            "key": {
              "type": 0,
              "file": 1,
              "line": 26,
              "col": 11,
              "lit": "RCLONE_CONFIG_GDRIVE_TOKEN"
            ***,
            "value": {
              "type": 3,
              "file": 1,
              "line": 26,
              "col": 39,
              "expr": "secrets.RCLONE_GDRIVE_TOKEN"
            ***
          ***
        ]
      ***,
      "inputs": {
        "type": 2,
        "map": [
          {
            "key": "script",
            "value": {
              "type": 0,
              "file": 1,
              "line": 27,
              "col": 14,
              "lit": "REM Replace the path below with your local build output folder\nset BUILD_PATH=C:\\Users\\Aaron\\Desktop\\Builds\\Builds\nREM Upload to your Google Drive folder\nC:\\rclone\\rclone.exe copy \"%BUILD_PATH%\" gdrive:/ --drive-root-folder-id 1bI--U7S70jspBkr7cgY8IBMkFAZqzkoM --progress\n"
            ***
          ***,
          {
            "key": "shell",
            "value": {
              "type": 0,
              "file": 1,
              "line": 24,
              "col": 16,
              "lit": "cmd"
            ***
          ***
        ]
      ***,
      "condition": "success()",
      "id": "26b59411-2626-4a49-b5b9-6913d8fe610c",
      "name": "__run_2"
    ***
  ],
  "variables": {
    "Actions.EnableHttpRedirects": {
      "value": "true"
    ***,
    "DistributedTask.AddWarningToNode12Action": {
      "value": "true"
    ***,
    "DistributedTask.AddWarningToNode16Action": {
      "value": "true"
    ***,
    "DistributedTask.AllowRunnerContainerHooks": {
      "value": "true"
    ***,
    "DistributedTask.DeprecateStepOutputCommands": {
      "value": "true"
    ***,
    "DistributedTask.DetailUntarFailure": {
      "value": "true"
    ***,
    "DistributedTask.EnableCompositeActions": {
      "value": "true"
    ***,
    "DistributedTask.EnableJobServerQueueTelemetry": {
      "value": "true"
    ***,
    "DistributedTask.EnhancedAnnotations": {
      "value": "true"
    ***,
    "DistributedTask.ForceGithubJavascriptActionsToNode16": {
      "value": "true"
    ***,
    "DistributedTask.ForceGithubJavascriptActionsToNode20": {
      "value": "true"
    ***,
    "DistributedTask.LogTemplateErrorsAsDebugMessages": {
      "value": "true"
    ***,
    "DistributedTask.MarkJobAsFailedOnWorkerCrash": {
      "value": "true"
    ***,
    "DistributedTask.NewActionMetadata": {
      "value": "true"
    ***,
    "DistributedTask.UploadStepSummary": {
      "value": "true"
    ***,
    "DistributedTask.UseActionArchiveCache": {
      "value": "true"
    ***,
    "DistributedTask.UseWhich2": {
      "value": "true"
    ***,
    "PRIVATE_REPO_ACCESS_TOKEN": {
      "value": "***",
      "isSecret": true
    ***,
    "RCLONE_GDRIVE_TOKEN": {
      "value": "***",
      "isSecret": true
    ***,
    "RunService.FixEmbeddedIssues": {
      "value": "true"
    ***,
    "actions_add_check_run_id_to_job_context": {
      "value": "true"
    ***,
    "actions_container_action_runner_temp": {
      "value": "false"
    ***,
    "actions_display_helpful_actions_download_errors": {
      "value": "true"
    ***,
    "actions_skip_retry_complete_job_upon_known_errors": {
      "value": "true"
    ***,
    "actions_uses_cache_service_v2": {
      "value": "true"
    ***,
    "github_token": {
      "value": "***",
      "isSecret": true
    ***,
    "system.from_run_service": {
      "value": "true"
    ***,
    "system.github.job": {
      "value": "build"
    ***,
    "system.github.launch_endpoint": {
      "value": "https://launch.actions.githubusercontent.com"
    ***,
    "system.github.results_endpoint": {
      "value": "https://results-receiver.actions.githubusercontent.com/"
    ***,
    "system.github.results_upload_with_sdk": {
      "value": "true"
    ***,
    "system.github.token": {
      "value": "***",
      "isSecret": true
    ***,
    "system.github.token.permissions": {
      "value": "{\"Contents\":\"read\",\"Metadata\":\"read\",\"Packages\":\"read\"***"
    ***,
    "system.orchestrationId": {
      "value": "bfbee5fa-8d82-46db-8b9d-029e072a3228.build.__default"
    ***,
    "system.phaseDisplayName": {
      "value": "build"
    ***,
    "system.runner.lowdiskspacethreshold": {
      "value": "100"
    ***,
    "system.runnerEnvironment": {
      "value": "self-hosted"
    ***,
    "system.runnerGroupName": {
      "value": "Default"
    ***
  ***,
  "messageType": "RunnerJobRequest",
  "plan": {
    "scopeIdentifier": "00000000-0000-0000-0000-000000000000",
    "planType": "actions",
    "version": 0,
    "planId": "bfbee5fa-8d82-46db-8b9d-029e072a3228",
    "planGroup": null,
    "artifactUri": null,
    "artifactLocation": null,
    "definition": null,
    "owner": null
  ***,
  "timeline": {
    "id": "bfbee5fa-8d82-46db-8b9d-029e072a3228",
    "changeId": 0,
    "location": null
  ***,
  "jobId": "19928c57-958c-51a9-844d-186b4a146da1",
  "jobDisplayName": "build",
  "jobName": "__default",
  "requestId": 0,
  "lockedUntil": "0001-01-01T00:00:00",
  "resources": {
    "endpoints": [
      {
        "data": {
          "ServerId": "",
          "ServerName": "",
          "CacheServerUrl": "https://artifactcache.actions.githubusercontent.com/vSVftLgodSJ2diePV08cjkEtdQyiOueGsCbkZNPWZuZoHP3cDj/",
          "FeedStreamUrl": "wss://results-receiver.actions.githubusercontent.com/_ws/ingest.sock",
          "ResultsServiceUrl": "https://results-receiver.actions.githubusercontent.com/",
          "PipelinesServiceUrl": "https://pipelinesghubeus15.actions.githubusercontent.com/vSVftLgodSJ2diePV08cjkEtdQyiOueGsCbkZNPWZuZoHP3cDj/",
          "GenerateIdTokenUrl": ""
        ***,
        "name": "SystemVssConnection",
        "url": "https://run-actions-3-azure-eastus.actions.githubusercontent.com/164/",
        "authorization": {
          "parameters": {
            "AccessToken": "***"
          ***,
          "scheme": "OAuth"
        ***,
        "isShared": false,
        "isReady": true
      ***
    ]
  ***,
  "contextData": {
    "github": {
      "t": 2,
      "d": [
        {
          "k": "ref",
          "v": "refs/heads/main"
        ***,
        {
          "k": "sha",
          "v": "a23f1a804c3e4efb8e0b132369bf1c448d748030"
        ***,
        {
          "k": "repository",
          "v": "AliAhmad1600/unity-build-pipeline"
        ***,
        {
          "k": "repository_owner",
          "v": "AliAhmad1600"
        ***,
        {
          "k": "repository_owner_id",
          "v": "167503690"
        ***,
        {
          "k": "repositoryUrl",
          "v": "git://github.com/AliAhmad1600/unity-build-pipeline.git"
        ***,
        {
          "k": "run_id",
          "v": "19529264765"
        ***,
        {
          "k": "run_number",
          "v": "16"
        ***,
        {
          "k": "retention_days",
          "v": "90"
        ***,
        {
          "k": "run_attempt",
          "v": "1"
        ***,
        {
          "k": "artifact_cache_size_limit",
          "v": "10"
        ***,
        {
          "k": "repository_visibility",
          "v": "public"
        ***,
        {
          "k": "actor_id",
          "v": "167503690"
        ***,
        {
          "k": "actor",
          "v": "AliAhmad1600"
        ***,
        {
          "k": "workflow",
          "v": "Unity Build and Upload"
        ***,
        {
          "k": "head_ref",
          "v": ""
        ***,
        {
          "k": "base_ref",
          "v": ""
        ***,
        {
          "k": "event_name",
          "v": "workflow_dispatch"
        ***,
        {
          "k": "server_url",
          "v": "https://github.com"
        ***,
        {
          "k": "api_url",
          "v": "https://api.github.com"
        ***,
        {
          "k": "graphql_url",
          "v": "https://api.github.com/graphql"
        ***,
        {
          "k": "ref_name",
          "v": "main"
        ***,
        {
          "k": "ref_protected",
          "v": false
        ***,
        {
          "k": "ref_type",
          "v": "branch"
        ***,
        {
          "k": "secret_source",
          "v": "Actions"
        ***,
        {
          "k": "event",
          "v": {
            "t": 2,
            "d": [
              {
                "k": "inputs",
                "v": null
              ***,
              {
                "k": "ref",
                "v": "refs/heads/main"
              ***,
              {
                "k": "repository",
                "v": {
                  "t": 2,
                  "d": [
                    {
                      "k": "allow_forking",
                      "v": true
                    ***,
                    {
                      "k": "archive_url",
                      "v": "https://api.github.com/repos/AliAhmad1600/unity-build-pipeline/{archive_format***{/ref***"
                    ***,
                    {
                      "k": "archived",
                      "v": false
                    ***,
                    {
                      "k": "assignees_url",
                      "v": "https://api.github.com/repos/AliAhmad1600/unity-build-pipeline/assignees{/user***"
                    ***,
                    {
                      "k": "blobs_url",
                      "v": "https://api.github.com/repos/AliAhmad1600/unity-build-pipeline/git/blobs{/sha***"
                    ***,
                    {
                      "k": "branches_url",
                      "v": "https://api.github.com/repos/AliAhmad1600/unity-build-pipeline/branches{/branch***"
                    ***,
                    {
                      "k": "clone_url",
                      "v": "https://github.com/AliAhmad1600/unity-build-pipeline.git"
                    ***,
                    {
                      "k": "collaborators_url",
                      "v": "https://api.github.com/repos/AliAhmad1600/unity-build-pipeline/collaborators{/collaborator***"
                    ***,
                    {
                      "k": "comments_url",
                      "v": "https://api.github.com/repos/AliAhmad1600/unity-build-pipeline/comments{/number***"
                    ***,
                    {
                      "k": "commits_url",
                      "v": "https://api.github.com/repos/AliAhmad1600/unity-build-pipeline/commits{/sha***"
                    ***,
                    {
                      "k": "compare_url",
                      "v": "https://api.github.com/repos/AliAhmad1600/unity-build-pipeline/compare/{base***...{head***"
                    ***,
                    {
                      "k": "contents_url",
                      "v": "https://api.github.com/repos/AliAhmad1600/unity-build-pipeline/contents/{+path***"
                    ***,
                    {
                      "k": "contributors_url",
                      "v": "https://api.github.com/repos/AliAhmad1600/unity-build-pipeline/contributors"
                    ***,
                    {
                      "k": "created_at",
                      "v": "2025-11-11T11:30:32Z"
                    ***,
                    {
                      "k": "default_branch",
                      "v": "main"
                    ***,
                    {
                      "k": "deployments_url",
                      "v": "https://api.github.com/repos/AliAhmad1600/unity-build-pipeline/deployments"
                    ***,
                    {
                      "k": "description",
                      "v": "its build pipeline that is publicly available."
                    ***,
                    {
                      "k": "disabled",
                      "v": false
                    ***,
                    {
                      "k": "downloads_url",
                      "v": "https://api.github.com/repos/AliAhmad1600/unity-build-pipeline/downloads"
                    ***,
                    {
                      "k": "events_url",
                      "v": "https://api.github.com/repos/AliAhmad1600/unity-build-pipeline/events"
                    ***,
                    {
                      "k": "fork",
                      "v": false
                    ***,
                    {
                      "k": "forks",
                      "v": 0.0
                    ***,
                    {
                      "k": "forks_count",
                      "v": 0.0
                    ***,
                    {
                      "k": "forks_url",
                      "v": "https://api.github.com/repos/AliAhmad1600/unity-build-pipeline/forks"
                    ***,
                    {
                      "k": "full_name",
                      "v": "AliAhmad1600/unity-build-pipeline"
                    ***,
                    {
                      "k": "git_commits_url",
                      "v": "https://api.github.com/repos/AliAhmad1600/unity-build-pipeline/git/commits{/sha***"
                    ***,
                    {
                      "k": "git_refs_url",
                      "v": "https://api.github.com/repos/AliAhmad1600/unity-build-pipeline/git/refs{/sha***"
                    ***,
                    {
                      "k": "git_tags_url",
                      "v": "https://api.github.com/repos/AliAhmad1600/unity-build-pipeline/git/tags{/sha***"
                    ***,
                    {
                      "k": "git_url",
                      "v": "git://github.com/AliAhmad1600/unity-build-pipeline.git"
                    ***,
                    {
                      "k": "has_discussions",
                      "v": false
                    ***,
                    {
                      "k": "has_downloads",
                      "v": true
                    ***,
                    {
                      "k": "has_issues",
                      "v": true
                    ***,
                    {
                      "k": "has_pages",
                      "v": false
                    ***,
                    {
                      "k": "has_projects",
                      "v": true
                    ***,
                    {
                      "k": "has_wiki",
                      "v": true
                    ***,
                    {
                      "k": "homepage",
                      "v": null
                    ***,
                    {
                      "k": "hooks_url",
                      "v": "https://api.github.com/repos/AliAhmad1600/unity-build-pipeline/hooks"
                    ***,
                    {
                      "k": "html_url",
                      "v": "https://github.com/AliAhmad1600/unity-build-pipeline"
                    ***,
                    {
                      "k": "id",
                      "v": 1094189050.0
                    ***,
                    {
                      "k": "is_template",
                      "v": false
                    ***,
                    {
                      "k": "issue_comment_url",
                      "v": "https://api.github.com/repos/AliAhmad1600/unity-build-pipeline/issues/comments{/number***"
                    ***,
                    {
                      "k": "issue_events_url",
                      "v": "https://api.github.com/repos/AliAhmad1600/unity-build-pipeline/issues/events{/number***"
                    ***,
                    {
                      "k": "issues_url",
                      "v": "https://api.github.com/repos/AliAhmad1600/unity-build-pipeline/issues{/number***"
                    ***,
                    {
                      "k": "keys_url",
                      "v": "https://api.github.com/repos/AliAhmad1600/unity-build-pipeline/keys{/key_id***"
                    ***,
                    {
                      "k": "labels_url",
                      "v": "https://api.github.com/repos/AliAhmad1600/unity-build-pipeline/labels{/name***"
                    ***,
                    {
                      "k": "language",
                      "v": "JavaScript"
                    ***,
                    {
                      "k": "languages_url",
                      "v": "https://api.github.com/repos/AliAhmad1600/unity-build-pipeline/languages"
                    ***,
                    {
                      "k": "license",
                      "v": null
                    ***,
                    {
                      "k": "merges_url",
                      "v": "https://api.github.com/repos/AliAhmad1600/unity-build-pipeline/merges"
                    ***,
                    {
                      "k": "milestones_url",
                      "v": "https://api.github.com/repos/AliAhmad1600/unity-build-pipeline/milestones{/number***"
                    ***,
                    {
                      "k": "mirror_url",
                      "v": null
                    ***,
                    {
                      "k": "name",
                      "v": "unity-build-pipeline"
                    ***,
                    {
                      "k": "node_id",
                      "v": "R_kgDOQTf_-g"
                    ***,
                    {
                      "k": "notifications_url",
                      "v": "https://api.github.com/repos/AliAhmad1600/unity-build-pipeline/notifications{?since,all,participating***"
                    ***,
                    {
                      "k": "open_issues",
                      "v": 0.0
                    ***,
                    {
                      "k": "open_issues_count",
                      "v": 0.0
                    ***,
                    {
                      "k": "owner",
                      "v": {
                        "t": 2,
                        "d": [
                          {
                            "k": "avatar_url",
                            "v": "https://avatars.githubusercontent.com/u/167503690?v=4"
                          ***,
                          {
                            "k": "events_url",
                            "v": "https://api.github.com/users/AliAhmad1600/events{/privacy***"
                          ***,
                          {
                            "k": "followers_url",
                            "v": "https://api.github.com/users/AliAhmad1600/followers"
                          ***,
                          {
                            "k": "following_url",
                            "v": "https://api.github.com/users/AliAhmad1600/following{/other_user***"
                          ***,
                          {
                            "k": "gists_url",
                            "v": "https://api.github.com/users/AliAhmad1600/gists{/gist_id***"
                          ***,
                          {
                            "k": "gravatar_id",
                            "v": ""
                          ***,
                          {
                            "k": "html_url",
                            "v": "https://github.com/AliAhmad1600"
                          ***,
                          {
                            "k": "id",
                            "v": 167503690.0
                          ***,
                          {
                            "k": "login",
                            "v": "AliAhmad1600"
                          ***,
                          {
                            "k": "node_id",
                            "v": "U_kgDOCfvnSg"
                          ***,
                          {
                            "k": "organizations_url",
                            "v": "https://api.github.com/users/AliAhmad1600/orgs"
                          ***,
                          {
                            "k": "received_events_url",
                            "v": "https://api.github.com/users/AliAhmad1600/received_events"
                          ***,
                          {
                            "k": "repos_url",
                            "v": "https://api.github.com/users/AliAhmad1600/repos"
                          ***,
                          {
                            "k": "site_admin",
                            "v": false
                          ***,
                          {
                            "k": "starred_url",
                            "v": "https://api.github.com/users/AliAhmad1600/starred{/owner***{/repo***"
                          ***,
                          {
                            "k": "subscriptions_url",
                            "v": "https://api.github.com/users/AliAhmad1600/subscriptions"
                          ***,
                          {
                            "k": "type",
                            "v": "User"
                          ***,
                          {
                            "k": "url",
                            "v": "https://api.github.com/users/AliAhmad1600"
                          ***,
                          {
                            "k": "user_view_type",
                            "v": "public"
                          ***
                        ]
                      ***
                    ***,
                    {
                      "k": "private",
                      "v": false
                    ***,
                    {
                      "k": "pulls_url",
                      "v": "https://api.github.com/repos/AliAhmad1600/unity-build-pipeline/pulls{/number***"
                    ***,
                    {
                      "k": "pushed_at",
                      "v": "2025-11-17T07:03:29Z"
                    ***,
                    {
                      "k": "releases_url",
                      "v": "https://api.github.com/repos/AliAhmad1600/unity-build-pipeline/releases{/id***"
                    ***,
                    {
                      "k": "size",
                      "v": 176037.0
                    ***,
                    {
                      "k": "ssh_url",
                      "v": "git@github.com:AliAhmad1600/unity-build-pipeline.git"
                    ***,
                    {
                      "k": "stargazers_count",
                      "v": 0.0
                    ***,
                    {
                      "k": "stargazers_url",
                      "v": "https://api.github.com/repos/AliAhmad1600/unity-build-pipeline/stargazers"
                    ***,
                    {
                      "k": "statuses_url",
                      "v": "https://api.github.com/repos/AliAhmad1600/unity-build-pipeline/statuses/{sha***"
                    ***,
                    {
                      "k": "subscribers_url",
                      "v": "https://api.github.com/repos/AliAhmad1600/unity-build-pipeline/subscribers"
                    ***,
                    {
                      "k": "subscription_url",
                      "v": "https://api.github.com/repos/AliAhmad1600/unity-build-pipeline/subscription"
                    ***,
                    {
                      "k": "svn_url",
                      "v": "https://github.com/AliAhmad1600/unity-build-pipeline"
                    ***,
                    {
                      "k": "tags_url",
                      "v": "https://api.github.com/repos/AliAhmad1600/unity-build-pipeline/tags"
                    ***,
                    {
                      "k": "teams_url",
                      "v": "https://api.github.com/repos/AliAhmad1600/unity-build-pipeline/teams"
                    ***,
                    {
                      "k": "topics",
                      "v": {
                        "t": 1
                      ***
                    ***,
                    {
                      "k": "trees_url",
                      "v": "https://api.github.com/repos/AliAhmad1600/unity-build-pipeline/git/trees{/sha***"
                    ***,
                    {
                      "k": "updated_at",
                      "v": "2025-11-17T07:03:33Z"
                    ***,
                    {
                      "k": "url",
                      "v": "https://api.github.com/repos/AliAhmad1600/unity-build-pipeline"
                    ***,
                    {
                      "k": "visibility",
                      "v": "public"
                    ***,
                    {
                      "k": "watchers",
                      "v": 0.0
                    ***,
                    {
                      "k": "watchers_count",
                      "v": 0.0
                    ***,
                    {
                      "k": "web_commit_signoff_required",
                      "v": false
                    ***
                  ]
                ***
              ***,
              {
                "k": "sender",
                "v": {
                  "t": 2,
                  "d": [
                    {
                      "k": "avatar_url",
                      "v": "https://avatars.githubusercontent.com/u/167503690?v=4"
                    ***,
                    {
                      "k": "events_url",
                      "v": "https://api.github.com/users/AliAhmad1600/events{/privacy***"
                    ***,
                    {
                      "k": "followers_url",
                      "v": "https://api.github.com/users/AliAhmad1600/followers"
                    ***,
                    {
                      "k": "following_url",
                      "v": "https://api.github.com/users/AliAhmad1600/following{/other_user***"
                    ***,
                    {
                      "k": "gists_url",
                      "v": "https://api.github.com/users/AliAhmad1600/gists{/gist_id***"
                    ***,
                    {
                      "k": "gravatar_id",
                      "v": ""
                    ***,
                    {
                      "k": "html_url",
                      "v": "https://github.com/AliAhmad1600"
                    ***,
                    {
                      "k": "id",
                      "v": 167503690.0
                    ***,
                    {
                      "k": "login",
                      "v": "AliAhmad1600"
                    ***,
                    {
                      "k": "node_id",
                      "v": "U_kgDOCfvnSg"
                    ***,
                    {
                      "k": "organizations_url",
                      "v": "https://api.github.com/users/AliAhmad1600/orgs"
                    ***,
                    {
                      "k": "received_events_url",
                      "v": "https://api.github.com/users/AliAhmad1600/received_events"
                    ***,
                    {
                      "k": "repos_url",
                      "v": "https://api.github.com/users/AliAhmad1600/repos"
                    ***,
                    {
                      "k": "site_admin",
                      "v": false
                    ***,
                    {
                      "k": "starred_url",
                      "v": "https://api.github.com/users/AliAhmad1600/starred{/owner***{/repo***"
                    ***,
                    {
                      "k": "subscriptions_url",
                      "v": "https://api.github.com/users/AliAhmad1600/subscriptions"
                    ***,
                    {
                      "k": "type",
                      "v": "User"
                    ***,
                    {
                      "k": "url",
                      "v": "https://api.github.com/users/AliAhmad1600"
                    ***,
                    {
                      "k": "user_view_type",
                      "v": "public"
                    ***
                  ]
                ***
              ***,
              {
                "k": "workflow",
                "v": ".github/workflows/unity-build.yml"
              ***
            ]
          ***
        ***,
        {
          "k": "workflow_ref",
          "v": "AliAhmad1600/unity-build-pipeline/.github/workflows/unity-build.yml@refs/heads/main"
        ***,
        {
          "k": "workflow_sha",
          "v": "a23f1a804c3e4efb8e0b132369bf1c448d748030"
        ***,
        {
          "k": "repository_id",
          "v": "1094189050"
        ***,
        {
          "k": "triggering_actor",
          "v": "AliAhmad1600"
        ***
      ]
    ***,
    "inputs": {
      "t": 2
    ***,
    "job": {
      "t": 2,
      "d": [
        {
          "k": "check_run_id",
          "v": 55908247504.0
        ***
      ]
    ***,
    "matrix": null,
    "needs": {
      "t": 2
    ***,
    "strategy": {
      "t": 2,
      "d": [
        {
          "k": "fail-fast",
          "v": true
        ***,
        {
          "k": "job-index",
          "v": 0.0
        ***,
        {
          "k": "job-total",
          "v": 1.0
        ***,
        {
          "k": "max-parallel",
          "v": 1.0
        ***
      ]
    ***,
    "vars": {
      "t": 2
    ***
  ***,
  "billingOwnerId": "U_kgDOCfvnSg"
***
[2025-11-20 07:36:50Z INFO JobRunner] Job ID 19928c57-958c-51a9-844d-186b4a146da1
[2025-11-20 07:36:50Z INFO ConfigurationStore] currentAssemblyLocation: C:\Projects\unity-build-pipeline\actions-runner\bin\Runner.Worker.dll
[2025-11-20 07:36:50Z INFO HostContext] Well known directory 'Bin': 'C:\Projects\unity-build-pipeline\actions-runner\bin'
[2025-11-20 07:36:50Z INFO ConfigurationStore] binPath: C:\Projects\unity-build-pipeline\actions-runner\bin
[2025-11-20 07:36:50Z INFO HostContext] Well known directory 'Bin': 'C:\Projects\unity-build-pipeline\actions-runner\bin'
[2025-11-20 07:36:50Z INFO HostContext] Well known directory 'Root': 'C:\Projects\unity-build-pipeline\actions-runner'
[2025-11-20 07:36:50Z INFO ConfigurationStore] RootFolder: C:\Projects\unity-build-pipeline\actions-runner
[2025-11-20 07:36:50Z INFO HostContext] Well known directory 'Bin': 'C:\Projects\unity-build-pipeline\actions-runner\bin'
[2025-11-20 07:36:50Z INFO HostContext] Well known directory 'Root': 'C:\Projects\unity-build-pipeline\actions-runner'
[2025-11-20 07:36:50Z INFO HostContext] Well known config file 'Runner': 'C:\Projects\unity-build-pipeline\actions-runner\.runner'
[2025-11-20 07:36:50Z INFO ConfigurationStore] ConfigFilePath: C:\Projects\unity-build-pipeline\actions-runner\.runner
[2025-11-20 07:36:50Z INFO HostContext] Well known directory 'Bin': 'C:\Projects\unity-build-pipeline\actions-runner\bin'
[2025-11-20 07:36:50Z INFO HostContext] Well known directory 'Root': 'C:\Projects\unity-build-pipeline\actions-runner'
[2025-11-20 07:36:50Z INFO HostContext] Well known config file 'MigratedRunner': 'C:\Projects\unity-build-pipeline\actions-runner\.runner_migrated'
[2025-11-20 07:36:50Z INFO ConfigurationStore] MigratedConfigFilePath: C:\Projects\unity-build-pipeline\actions-runner\.runner_migrated
[2025-11-20 07:36:50Z INFO HostContext] Well known directory 'Bin': 'C:\Projects\unity-build-pipeline\actions-runner\bin'
[2025-11-20 07:36:50Z INFO HostContext] Well known directory 'Root': 'C:\Projects\unity-build-pipeline\actions-runner'
[2025-11-20 07:36:50Z INFO HostContext] Well known config file 'Credentials': 'C:\Projects\unity-build-pipeline\actions-runner\.credentials'
[2025-11-20 07:36:50Z INFO ConfigurationStore] CredFilePath: C:\Projects\unity-build-pipeline\actions-runner\.credentials
[2025-11-20 07:36:50Z INFO HostContext] Well known directory 'Bin': 'C:\Projects\unity-build-pipeline\actions-runner\bin'
[2025-11-20 07:36:50Z INFO HostContext] Well known directory 'Root': 'C:\Projects\unity-build-pipeline\actions-runner'
[2025-11-20 07:36:50Z INFO HostContext] Well known config file 'MigratedCredentials': 'C:\Projects\unity-build-pipeline\actions-runner\.credentials_migrated'
[2025-11-20 07:36:50Z INFO ConfigurationStore] MigratedCredFilePath: C:\Projects\unity-build-pipeline\actions-runner\.credentials_migrated
[2025-11-20 07:36:50Z INFO HostContext] Well known directory 'Bin': 'C:\Projects\unity-build-pipeline\actions-runner\bin'
[2025-11-20 07:36:50Z INFO HostContext] Well known directory 'Root': 'C:\Projects\unity-build-pipeline\actions-runner'
[2025-11-20 07:36:50Z INFO HostContext] Well known config file 'Service': 'C:\Projects\unity-build-pipeline\actions-runner\.service'
[2025-11-20 07:36:50Z INFO ConfigurationStore] ServiceConfigFilePath: C:\Projects\unity-build-pipeline\actions-runner\.service
[2025-11-20 07:36:50Z INFO ConfigurationStore] Read setting file: 401 chars
[2025-11-20 07:36:50Z INFO JobRunner] Initializing launch client
[2025-11-20 07:36:50Z INFO JobServerQueue] Initializing results client
[2025-11-20 07:36:51Z INFO ResultServer] Creating websocket client ...wss://results-receiver.actions.githubusercontent.com/_ws/ingest.sock
[2025-11-20 07:36:51Z INFO ResultServer] Attempting to start websocket client with delay 00:00:00.
[2025-11-20 07:36:51Z INFO JobServerQueue] Start process web console line queue.
[2025-11-20 07:36:51Z INFO JobServerQueue] Start process file upload queue.
[2025-11-20 07:36:51Z INFO JobServerQueue] Start results file upload queue.
[2025-11-20 07:36:51Z INFO JobServerQueue] Starting results-based upload queue...
[2025-11-20 07:36:51Z INFO JobServerQueue] Start process timeline update queue.
[2025-11-20 07:36:51Z INFO ExecutionContext] Initializing Job context
[2025-11-20 07:36:51Z INFO ExecutionContext] Initialize GitHub context
[2025-11-20 07:36:51Z INFO ExecutionContext] Initialize Env context
[2025-11-20 07:36:51Z INFO HostContext] Well known directory 'Bin': 'C:\Projects\unity-build-pipeline\actions-runner\bin'
[2025-11-20 07:36:51Z INFO HostContext] Well known directory 'Root': 'C:\Projects\unity-build-pipeline\actions-runner'
[2025-11-20 07:36:51Z INFO HostContext] Well known directory 'Diag': 'C:\Projects\unity-build-pipeline\actions-runner\_diag'
[2025-11-20 07:36:51Z INFO HostContext] Well known directory 'Bin': 'C:\Projects\unity-build-pipeline\actions-runner\bin'
[2025-11-20 07:36:51Z INFO HostContext] Well known directory 'Root': 'C:\Projects\unity-build-pipeline\actions-runner'
[2025-11-20 07:36:51Z INFO HostContext] Well known directory 'Diag': 'C:\Projects\unity-build-pipeline\actions-runner\_diag'
[2025-11-20 07:36:51Z INFO JobRunner] Starting the job execution context.
[2025-11-20 07:36:51Z INFO HostContext] Well known directory 'Bin': 'C:\Projects\unity-build-pipeline\actions-runner\bin'
[2025-11-20 07:36:51Z INFO HostContext] Well known directory 'Root': 'C:\Projects\unity-build-pipeline\actions-runner'
[2025-11-20 07:36:51Z INFO HostContext] Well known directory 'Work': 'C:\Projects\unity-build-pipeline\actions-runner\_work'
[2025-11-20 07:36:51Z INFO JobRunner] Validating directory permissions for: 'C:\Projects\unity-build-pipeline\actions-runner\_work'
[2025-11-20 07:36:51Z INFO HostContext] Well known directory 'Bin': 'C:\Projects\unity-build-pipeline\actions-runner\bin'
[2025-11-20 07:36:51Z INFO HostContext] Well known directory 'Root': 'C:\Projects\unity-build-pipeline\actions-runner'
[2025-11-20 07:36:51Z INFO HostContext] Well known directory 'Work': 'C:\Projects\unity-build-pipeline\actions-runner\_work'
[2025-11-20 07:36:51Z INFO HostContext] Well known directory 'Tools': 'C:\Projects\unity-build-pipeline\actions-runner\_work\_tool'
[2025-11-20 07:36:51Z INFO HostContext] Well known directory 'Bin': 'C:\Projects\unity-build-pipeline\actions-runner\bin'
[2025-11-20 07:36:51Z INFO HostContext] Well known directory 'Root': 'C:\Projects\unity-build-pipeline\actions-runner'
[2025-11-20 07:36:51Z INFO HostContext] Well known directory 'Work': 'C:\Projects\unity-build-pipeline\actions-runner\_work'
[2025-11-20 07:36:51Z INFO HostContext] Well known directory 'Temp': 'C:\Projects\unity-build-pipeline\actions-runner\_work\_temp'
[2025-11-20 07:36:51Z INFO JobRunner] Getting job extension.
[2025-11-20 07:36:51Z INFO JobRunner] Initialize job. Getting all job steps.
[2025-11-20 07:36:51Z INFO HostContext] Well known directory 'Bin': 'C:\Projects\unity-build-pipeline\actions-runner\bin'
[2025-11-20 07:36:51Z INFO HostContext] Well known directory 'Root': 'C:\Projects\unity-build-pipeline\actions-runner'
[2025-11-20 07:36:51Z INFO HostContext] Well known directory 'Diag': 'C:\Projects\unity-build-pipeline\actions-runner\_diag'
[2025-11-20 07:36:51Z INFO HostContext] Well known directory 'Bin': 'C:\Projects\unity-build-pipeline\actions-runner\bin'
[2025-11-20 07:36:51Z INFO HostContext] Well known directory 'Root': 'C:\Projects\unity-build-pipeline\actions-runner'
[2025-11-20 07:36:51Z INFO HostContext] Well known directory 'Diag': 'C:\Projects\unity-build-pipeline\actions-runner\_diag'
[2025-11-20 07:36:51Z INFO HostContext] Well known directory 'Bin': 'C:\Projects\unity-build-pipeline\actions-runner\bin'
[2025-11-20 07:36:51Z INFO HostContext] Well known directory 'Root': 'C:\Projects\unity-build-pipeline\actions-runner'
[2025-11-20 07:36:51Z INFO HostContext] Well known config file 'Credentials': 'C:\Projects\unity-build-pipeline\actions-runner\.credentials'
[2025-11-20 07:36:51Z INFO HostContext] Well known directory 'Bin': 'C:\Projects\unity-build-pipeline\actions-runner\bin'
[2025-11-20 07:36:51Z INFO HostContext] Well known directory 'Root': 'C:\Projects\unity-build-pipeline\actions-runner'
[2025-11-20 07:36:51Z INFO HostContext] Well known config file 'SetupInfo': 'C:\Projects\unity-build-pipeline\actions-runner\.setup_info'
[2025-11-20 07:36:51Z INFO HostContext] Well known directory 'Bin': 'C:\Projects\unity-build-pipeline\actions-runner\bin'
[2025-11-20 07:36:51Z INFO HostContext] Well known directory 'Root': 'C:\Projects\unity-build-pipeline\actions-runner'
[2025-11-20 07:36:51Z INFO HostContext] Well known directory 'Work': 'C:\Projects\unity-build-pipeline\actions-runner\_work'
[2025-11-20 07:36:51Z INFO PipelineDirectoryManager] Loading tracking config if exists: C:\Projects\unity-build-pipeline\actions-runner\_work\_PipelineMapping\AliAhmad1600/unity-build-pipeline\PipelineFolder.json
[2025-11-20 07:36:51Z INFO PipelineDirectoryManager] Updating job run properties.
[2025-11-20 07:36:51Z INFO HostContext] Well known directory 'Bin': 'C:\Projects\unity-build-pipeline\actions-runner\bin'
[2025-11-20 07:36:51Z INFO HostContext] Well known directory 'Root': 'C:\Projects\unity-build-pipeline\actions-runner'
[2025-11-20 07:36:51Z INFO HostContext] Well known directory 'Work': 'C:\Projects\unity-build-pipeline\actions-runner\_work'
[2025-11-20 07:36:51Z INFO HostContext] Well known directory 'Bin': 'C:\Projects\unity-build-pipeline\actions-runner\bin'
[2025-11-20 07:36:51Z INFO HostContext] Well known directory 'Root': 'C:\Projects\unity-build-pipeline\actions-runner'
[2025-11-20 07:36:51Z INFO HostContext] Well known directory 'Work': 'C:\Projects\unity-build-pipeline\actions-runner\_work'
[2025-11-20 07:36:51Z INFO HostContext] Well known directory 'Bin': 'C:\Projects\unity-build-pipeline\actions-runner\bin'
[2025-11-20 07:36:51Z INFO HostContext] Well known directory 'Root': 'C:\Projects\unity-build-pipeline\actions-runner'
[2025-11-20 07:36:51Z INFO HostContext] Well known directory 'Work': 'C:\Projects\unity-build-pipeline\actions-runner\_work'
[2025-11-20 07:36:51Z INFO JobExtension] Downloading actions
[2025-11-20 07:36:51Z INFO HostContext] Well known directory 'Bin': 'C:\Projects\unity-build-pipeline\actions-runner\bin'
[2025-11-20 07:36:51Z INFO HostContext] Well known directory 'Root': 'C:\Projects\unity-build-pipeline\actions-runner'
[2025-11-20 07:36:51Z INFO HostContext] Well known directory 'Work': 'C:\Projects\unity-build-pipeline\actions-runner\_work'
[2025-11-20 07:36:51Z INFO HostContext] Well known directory 'Actions': 'C:\Projects\unity-build-pipeline\actions-runner\_work\_actions'
[2025-11-20 07:36:51Z INFO Worker] Listening for cancel message from the channel.
[2025-11-20 07:36:51Z INFO Worker] Waiting for the job to complete or for a cancel message from the channel.
[2025-11-20 07:36:51Z INFO ProcessChannel] Receiving message of length 0, with hash 'e3b0c44298fc1c149afbf4c8996fb92427ae41e4649b934ca495991b7852b855'
[2025-11-20 07:36:51Z INFO Worker] Cancellation/Shutdown message received.
[2025-11-20 07:36:51Z WARN GitHubActionsService] POST request to https://launch.actions.githubusercontent.com/actions/build/bfbee5fa-8d82-46db-8b9d-029e072a3228/jobs/19928c57-958c-51a9-844d-186b4a146da1/runnerresolve/actions has been cancelled.
[2025-11-20 07:36:51Z ERR  JobExtension] Caught cancellation exception from JobExtension Initialization: System.Threading.Tasks.TaskCanceledException: A task was canceled.
 ---> System.Threading.Tasks.TaskCanceledException: A task was canceled.
   at System.Threading.Tasks.TaskCompletionSourceWithCancellation`1.WaitWithCancellationAsync(CancellationToken cancellationToken)
   at System.Net.Http.HttpConnectionPool.SendWithVersionDetectionAndRetryAsync(HttpRequestMessage request, Boolean async, Boolean doRequestAuth, CancellationToken cancellationToken)
   at System.Net.Http.AuthenticationHelper.SendWithAuthAsync(HttpRequestMessage request, Uri authUri, Boolean async, ICredentials credentials, Boolean preAuthenticate, Boolean isProxyAuth, Boolean doRequestAuth, HttpConnectionPool pool, CancellationToken cancellationToken)
   at System.Net.Http.RedirectHandler.SendAsync(HttpRequestMessage request, Boolean async, CancellationToken cancellationToken)
   at GitHub.Services.Common.RawHttpMessageHandler.SendAsync(HttpRequestMessage request, CancellationToken cancellationToken)
   at GitHub.Services.Common.VssHttpRetryMessageHandler.SendAsync(HttpRequestMessage request, CancellationToken cancellationToken)
   at System.Net.Http.HttpClient.<SendAsync>g__Core|83_0(HttpRequestMessage request, HttpCompletionOption completionOption, CancellationTokenSource cts, Boolean disposeCts, CancellationTokenSource pendingRequestsCts, CancellationToken originalCancellationToken)
   --- End of inner exception stack trace ---
   at System.Net.Http.HttpClient.HandleFailure(Exception e, Boolean telemetryStarted, HttpResponseMessage response, CancellationTokenSource cts, CancellationToken cancellationToken, CancellationTokenSource pendingRequestsCts)
   at System.Net.Http.HttpClient.<SendAsync>g__Core|83_0(HttpRequestMessage request, HttpCompletionOption completionOption, CancellationTokenSource cts, Boolean disposeCts, CancellationTokenSource pendingRequestsCts, CancellationToken originalCancellationToken)
   at Sdk.WebApi.WebApi.RawHttpClientBase.SendAsync(HttpRequestMessage message, HttpCompletionOption completionOption, Object userState, CancellationToken cancellationToken)
   at GitHub.Services.Launch.Client.LaunchHttpClient.GetLaunchSignedURLResponse[R](Uri uri, R request, CancellationToken cancellationToken)
   at GitHub.Services.Launch.Client.LaunchHttpClient.GetResolveActionsDownloadInfoAsyncV2(Guid planId, Guid jobId, ActionReferenceList actionReferenceList, CancellationToken cancellationToken)
   at GitHub.Runner.Worker.ActionManager.GetDownloadInfoAsync(IExecutionContext executionContext, List`1 actions)
   at GitHub.Runner.Worker.ActionManager.PrepareActionsRecursiveAsync(IExecutionContext executionContext, PrepareActionsState state, IEnumerable`1 actions, Int32 depth, Guid parentStepId)
   at GitHub.Runner.Worker.ActionManager.PrepareActionsAsync(IExecutionContext executionContext, IEnumerable`1 steps, Guid rootStepId)
   at GitHub.Runner.Worker.JobExtension.InitializeJob(IExecutionContext jobContext, AgentJobRequestMessage message)
[2025-11-20 07:36:51Z INFO ExecutionContext] Publish step telemetry for current step {
  "action": "setup_job",
  "type": "runner",
  "stage": "Pre",
  "stepId": "ff035100-ee50-4290-bd13-db15af6a9323",
  "result": "canceled",
  "errorMessages": [
    "A task was canceled."
  ],
  "executionTimeInSeconds": 1,
  "startTime": "2025-11-20T07:36:51.1408154Z",
  "finishTime": "2025-11-20T07:36:51.879042Z"
***.
[2025-11-20 07:36:51Z ERR  JobRunner] Job is cancelled during initialize.
[2025-11-20 07:36:51Z ERR  JobRunner] Caught exception: System.Threading.Tasks.TaskCanceledException: A task was canceled.
 ---> System.Threading.Tasks.TaskCanceledException: A task was canceled.
   at System.Threading.Tasks.TaskCompletionSourceWithCancellation`1.WaitWithCancellationAsync(CancellationToken cancellationToken)
   at System.Net.Http.HttpConnectionPool.SendWithVersionDetectionAndRetryAsync(HttpRequestMessage request, Boolean async, Boolean doRequestAuth, CancellationToken cancellationToken)
   at System.Net.Http.AuthenticationHelper.SendWithAuthAsync(HttpRequestMessage request, Uri authUri, Boolean async, ICredentials credentials, Boolean preAuthenticate, Boolean isProxyAuth, Boolean doRequestAuth, HttpConnectionPool pool, CancellationToken cancellationToken)
   at System.Net.Http.RedirectHandler.SendAsync(HttpRequestMessage request, Boolean async, CancellationToken cancellationToken)
   at GitHub.Services.Common.RawHttpMessageHandler.SendAsync(HttpRequestMessage request, CancellationToken cancellationToken)
   at GitHub.Services.Common.VssHttpRetryMessageHandler.SendAsync(HttpRequestMessage request, CancellationToken cancellationToken)
   at System.Net.Http.HttpClient.<SendAsync>g__Core|83_0(HttpRequestMessage request, HttpCompletionOption completionOption, CancellationTokenSource cts, Boolean disposeCts, CancellationTokenSource pendingRequestsCts, CancellationToken originalCancellationToken)
   --- End of inner exception stack trace ---
   at System.Net.Http.HttpClient.HandleFailure(Exception e, Boolean telemetryStarted, HttpResponseMessage response, CancellationTokenSource cts, CancellationToken cancellationToken, CancellationTokenSource pendingRequestsCts)
   at System.Net.Http.HttpClient.<SendAsync>g__Core|83_0(HttpRequestMessage request, HttpCompletionOption completionOption, CancellationTokenSource cts, Boolean disposeCts, CancellationTokenSource pendingRequestsCts, CancellationToken originalCancellationToken)
   at Sdk.WebApi.WebApi.RawHttpClientBase.SendAsync(HttpRequestMessage message, HttpCompletionOption completionOption, Object userState, CancellationToken cancellationToken)
   at GitHub.Services.Launch.Client.LaunchHttpClient.GetLaunchSignedURLResponse[R](Uri uri, R request, CancellationToken cancellationToken)
   at GitHub.Services.Launch.Client.LaunchHttpClient.GetResolveActionsDownloadInfoAsyncV2(Guid planId, Guid jobId, ActionReferenceList actionReferenceList, CancellationToken cancellationToken)
   at GitHub.Runner.Worker.ActionManager.GetDownloadInfoAsync(IExecutionContext executionContext, List`1 actions)
   at GitHub.Runner.Worker.ActionManager.PrepareActionsRecursiveAsync(IExecutionContext executionContext, PrepareActionsState state, IEnumerable`1 actions, Int32 depth, Guid parentStepId)
   at GitHub.Runner.Worker.ActionManager.PrepareActionsAsync(IExecutionContext executionContext, IEnumerable`1 steps, Guid rootStepId)
   at GitHub.Runner.Worker.JobExtension.InitializeJob(IExecutionContext jobContext, AgentJobRequestMessage message)
   at GitHub.Runner.Worker.JobRunner.RunAsync(AgentJobRequestMessage message, CancellationToken jobRequestCancellationToken)
[2025-11-20 07:36:51Z INFO JobRunner] Shutting down the job server queue.
[2025-11-20 07:36:51Z INFO JobServerQueue] Fire signal to shutdown all queues.
[2025-11-20 07:36:52Z INFO ResultServer] Successfully started websocket client.
[2025-11-20 07:36:52Z INFO JobServerQueue] Try to append 1 batches web console lines for record 'ff035100-ee50-4290-bd13-db15af6a9323', success rate: 1/1.
[2025-11-20 07:36:52Z INFO JobServerQueue] Job timeline record has been updated for the first time.
[2025-11-20 07:36:52Z INFO JobServerQueue] All queue process task stopped.
[2025-11-20 07:36:52Z INFO JobServerQueue] Try to append 1 batches web console lines for record 'ff035100-ee50-4290-bd13-db15af6a9323', success rate: 1/1.
[2025-11-20 07:36:52Z INFO JobServerQueue] Web console line queue drained.
[2025-11-20 07:36:52Z INFO JobServerQueue] Uploading 2 files in one shot.
[2025-11-20 07:36:52Z INFO JobServerQueue] Try to upload 2 log files or attachments, success rate: 2/2.
[2025-11-20 07:36:52Z INFO JobServerQueue] File upload queue drained.
[2025-11-20 07:36:52Z INFO JobServerQueue] Starting results-based upload queue...
[2025-11-20 07:36:52Z INFO JobServerQueue] Uploading 2 file(s) in one shot through results service.
[2025-11-20 07:36:52Z INFO JobServerQueue] Got a step log file to send to results service.
[2025-11-20 07:36:52Z INFO JobServerQueue] Starting upload of step log file to results service ResultsLog, C:\Projects\unity-build-pipeline\actions-runner\_diag\blocks\bfbee5fa-8d82-46db-8b9d-029e072a3228_ff035100-ee50-4290-bd13-db15af6a9323.1
[2025-11-20 07:36:54Z INFO JobServerQueue] Got a job log file to send to results service.
[2025-11-20 07:36:54Z INFO JobServerQueue] Starting upload of job log file to results service ResultsLog, C:\Projects\unity-build-pipeline\actions-runner\_diag\blocks\bfbee5fa-8d82-46db-8b9d-029e072a3228_19928c57-958c-51a9-844d-186b4a146da1.1
[2025-11-20 07:36:56Z INFO JobServerQueue] Tried to upload 2 file(s) to results, success rate: 2/2.
[2025-11-20 07:36:56Z INFO JobServerQueue] Results upload queue drained.
[2025-11-20 07:36:57Z INFO JobServerQueue] Timeline update queue drained.
[2025-11-20 07:36:57Z INFO JobServerQueue] Disposing job server ...
[2025-11-20 07:36:57Z INFO JobServerQueue] Disposing results server ...
[2025-11-20 07:36:57Z INFO JobServerQueue] All queue process tasks have been stopped, and all queues are drained.
[2025-11-20 07:36:57Z INFO TempDirectoryManager] Cleaning runner temp folder: C:\Projects\unity-build-pipeline\actions-runner\_work\_temp
[2025-11-20 07:36:57Z INFO HostContext] Well known directory 'Bin': 'C:\Projects\unity-build-pipeline\actions-runner\bin'
[2025-11-20 07:36:57Z INFO HostContext] Well known directory 'Root': 'C:\Projects\unity-build-pipeline\actions-runner'
[2025-11-20 07:36:57Z INFO HostContext] Well known directory 'Diag': 'C:\Projects\unity-build-pipeline\actions-runner\_diag'
[2025-11-20 07:36:57Z INFO HostContext] Well known config file 'Telemetry': 'C:\Projects\unity-build-pipeline\actions-runner\_diag\.telemetry'
[2025-11-20 07:36:57Z INFO JobRunner] Raising job completed against run service
